instance Bug.C (GHC.Maybe.Maybe a_0)
    where type Bug.T (GHC.Maybe.Maybe a_0) = GHC.Types.Char
