
tcfail182.hs:9:3: error:
    • Couldn't match expected type ‘Prelude.Maybe a’
                  with actual type ‘Maybe a0’
      NB: ‘Maybe’ is defined at tcfail182.hs:6:1-18
<<<<<<< HEAD
          ‘Prelude.Maybe’ is defined in ‘GHC.Base’ in package ‘base-4.12.0.0’
||||||| merged common ancestors
          ‘Prelude.Maybe’ is defined in ‘GHC.Base’ in package ‘base-4.11.0.0’
=======
          ‘Prelude.Maybe’
            is defined in ‘GHC.Maybe’ in package ‘base-4.11.0.0’
>>>>>>> Fix tests
    • In the pattern: Foo
      In an equation for ‘f’: f Foo = 3
    • Relevant bindings include
        f :: Prelude.Maybe a -> Int (bound at tcfail182.hs:9:1)
