
==================== Haskell - Parsed ====================
<document comment>
main = return ()


