
==================== Haskell - Parsed ====================
module A (
         bla bla,  blabla 
    ) where


