
==================== Haskell - Parsed ====================
hej = undefined
<document comment>
main = undefined


