
==================== Haskell - Parsed ====================
 module header bla bla 
module A where


