
==================== Haskell - Parsed ====================
module ShouldCompile where
<document comment>
main = undefined


