
==================== Haskell - Parsed ====================
 a header
module HeaderTest where
<document comment>
x = 0


