
==================== Haskell - Parsed ====================
Module description
module A where


