
==================== Haskell - Parsed ====================
module ShouldCompile where
<document comment>
data Bla = Hej


