
==================== Haskell - Parsed ====================
module A where


