
package06e.hs:2:1: error:
    Could not find module ‘GHC.IR.Haskell.Type’
    It is a member of the hidden package ‘ghc-8.1’.
    Use -v to see a list of the files searched for.

package06e.hs:3:1: error:
    Could not find module ‘GHC.Entity.Unique.FiniteMap’
    It is a member of the hidden package ‘ghc-8.1’.
    Use -v to see a list of the files searched for.
