
==================== Core - Strictness signatures ====================
BottomFromInnerLambda.$trModule: m
BottomFromInnerLambda.expensive: <S(S),1*U(U)>m
BottomFromInnerLambda.f: <S(S),1*U(U)>



==================== Core - Strictness signatures ====================
BottomFromInnerLambda.$trModule: m
BottomFromInnerLambda.expensive: <S(S),1*U(U)>m
BottomFromInnerLambda.f: <S(S),1*U(U)>


