
==================== Core - Strictness signatures ====================
StrAnalExample.$trModule: m
StrAnalExample.foo: <S,1*U>



==================== Core - Strictness signatures ====================
StrAnalExample.$trModule: m
StrAnalExample.foo: <S,1*U>


