
==================== Core - Strictness signatures ====================
T8598.$trModule: m
T8598.fun: <S(S),1*U(U)>m



==================== Core - Strictness signatures ====================
T8598.$trModule: m
T8598.fun: <S(S),1*U(U)>m


