
==================== Core - Prep ====================
Result size of Core - Prep = {terms: 18, types: 8, coercions: 0}

Rec {
-- RHS size: {terms: 7, types: 3, coercions: 0}
Par01.depth [Occ=LoopBreaker] :: GHC.Types.Int -> GHC.Types.Int
[GblId, Arity=1, Caf=NoCafRefs, Str=<L,U>, Unf=OtherCon []]
Par01.depth =
  \ (d :: GHC.Types.Int) ->
    case GHC.Prim.par# @ GHC.Types.Int d of { __DEFAULT ->
    Par01.depth d
    }
end Rec }

-- RHS size: {terms: 2, types: 0, coercions: 0}
Par01.$trModule2 :: GHC.Types.TrName
[GblId, Caf=NoCafRefs, Str=m1, Unf=OtherCon []]
Par01.$trModule2 = GHC.Types.TrNameS "main"#

-- RHS size: {terms: 2, types: 0, coercions: 0}
Par01.$trModule1 :: GHC.Types.TrName
[GblId, Caf=NoCafRefs, Str=m1, Unf=OtherCon []]
Par01.$trModule1 = GHC.Types.TrNameS "Par01"#

-- RHS size: {terms: 3, types: 0, coercions: 0}
Par01.$trModule :: GHC.Types.Module
[GblId, Caf=NoCafRefs, Str=m, Unf=OtherCon []]
Par01.$trModule =
  GHC.Types.Module Par01.$trModule2 Par01.$trModule1



