
==================== Statistics - FloatOut ====================
Lets floated to top level: 1
Lets floated elsewhere:    0
From lambda groups:        4



==================== Statistics - FloatOut ====================
Lets floated to top level: 0
Lets floated elsewhere:    0
From lambda groups:        3



==================== Statistics - Simplifier grand total ====================
Total ticks:     13

PreInlineUnconditionally: 2
  1 f
  1 lvl
UnfoldingDone: 1
  1 Roman.bar
RuleFired: 1
  1 foo/bar
LetFloatFromLet: 1
EtaReduction: 1
  1 ds
BetaReduction: 7
  1 f
  1 a
  1 m
  1 b
  1 m
  1 b
  1 m
SimplifierDone: 9


