
==================== Statistics - FloatOut ====================
Lets floated to top level: 1
Lets floated elsewhere:    0
From lambda groups:        1



==================== Statistics - FloatOut ====================
Lets floated to top level: 0
Lets floated elsewhere:    0
From lambda groups:        0



==================== Statistics - Simplifier grand total ====================
Total ticks:     51

PreInlineUnconditionally: 14
  1 n
  1 g
  1 a
  1 xs
  1 ys
  1 k
  1 z
  1 g
  1 g
  1 h
  1 n
  1 a
  1 lvl
  1 lvl
PostInlineUnconditionally: 4
  1 c
  1 n
  1 c
  1 c
UnfoldingDone: 1
  1 GHC.Base.build
RuleFired: 5
  1 ++
  1 augment/build
  1 fold/build
  1 unpack
  1 unpack-list
LetFloatFromLet: 2
BetaReduction: 25
  1 a
  1 c
  1 n
  1 a
  1 g
  1 a
  1 b
  1 a
  1 xs
  1 ys
  1 b
  1 c
  1 n
  1 a
  1 b
  1 k
  1 z
  1 g
  1 a
  1 g
  1 h
  1 b
  1 c
  1 n
  1 a
SimplifierDone: 11


