
==================== Core - Tidy rules ====================
"SPEC shared @ []"
    forall (irred :: Domain [] Int) ($dMyFunctor :: MyFunctor []).
      shared @ [] $dMyFunctor irred
      = bar_$sshared


