
==================== Core - Tidy ====================
Result size of Core - Tidy = {terms: 33, types: 20, coercions: 0}

-- RHS size: {terms: 2, types: 0, coercions: 0}
$trModule1 :: TrName
[GblId, Caf=NoCafRefs]
$trModule1 = GHC.Types.TrNameS "main"#

-- RHS size: {terms: 2, types: 0, coercions: 0}
$trModule2 :: TrName
[GblId, Caf=NoCafRefs]
$trModule2 = GHC.Types.TrNameS "T9400"#

-- RHS size: {terms: 3, types: 0, coercions: 0}
T9400.$trModule :: Module
[GblId, Caf=NoCafRefs]
T9400.$trModule = GHC.Types.Module $trModule1 $trModule2

-- RHS size: {terms: 22, types: 15, coercions: 0}
main :: IO ()
[GblId]
main =
  >>
    @ IO
    GHC.Base.$fMonadIO
    @ ()
    @ ()
    (putStrLn (unpackCString# "c"#))
    (>>
       @ IO
       GHC.Base.$fMonadIO
       @ ()
       @ ()
       (putStrLn (unpackCString# "x"#))
       (>>
          @ IO
          GHC.Base.$fMonadIO
          @ ()
          @ ()
          (putStrLn (unpackCString# "z"#))
          (>>
             @ IO
             GHC.Base.$fMonadIO
             @ ()
             @ ()
             (putStrLn (unpackCString# "efg"#))
             (Control.Exception.Base.patError
                @ 'PtrRepLifted @ (IO ()) "T9400.hs:(17,5)-(18,29)|case"#))))



