
==================== Tidy Core ====================
Result size of Tidy Core
  = {terms: 25, types: 11, coercions: 0, joins: 0/0}

-- RHS size: {terms: 1, types: 0, coercions: 0, joins: 0/0}
M.$trModule4 :: GHC.Prim.Addr#
[GblId,
 Caf=NoCafRefs,
 Unf=Unf{Src=<vanilla>, TopLvl=True, Value=True, ConLike=True,
         WorkFree=True, Expandable=True, Guidance=IF_ARGS [] 20 0}]
M.$trModule4 = "main"#

-- RHS size: {terms: 2, types: 0, coercions: 0, joins: 0/0}
M.$trModule3 :: GHC.Types.TrName
[GblId,
 Caf=NoCafRefs,
 Str=m1,
 Unf=Unf{Src=<vanilla>, TopLvl=True, Value=True, ConLike=True,
         WorkFree=True, Expandable=True, Guidance=IF_ARGS [] 10 20}]
M.$trModule3 = GHC.Types.TrNameS M.$trModule4

-- RHS size: {terms: 1, types: 0, coercions: 0, joins: 0/0}
M.$trModule2 :: GHC.Prim.Addr#
[GblId,
 Caf=NoCafRefs,
 Unf=Unf{Src=<vanilla>, TopLvl=True, Value=True, ConLike=True,
         WorkFree=True, Expandable=True, Guidance=IF_ARGS [] 20 0}]
M.$trModule2 = "M"#

-- RHS size: {terms: 2, types: 0, coercions: 0, joins: 0/0}
M.$trModule1 :: GHC.Types.TrName
[GblId,
 Caf=NoCafRefs,
 Str=m1,
 Unf=Unf{Src=<vanilla>, TopLvl=True, Value=True, ConLike=True,
         WorkFree=True, Expandable=True, Guidance=IF_ARGS [] 10 20}]
M.$trModule1 = GHC.Types.TrNameS M.$trModule2

-- RHS size: {terms: 3, types: 0, coercions: 0, joins: 0/0}
M.$trModule :: GHC.Types.Module
[GblId,
 Caf=NoCafRefs,
 Str=m,
 Unf=Unf{Src=<vanilla>, TopLvl=True, Value=True, ConLike=True,
         WorkFree=True, Expandable=True, Guidance=IF_ARGS [] 10 30}]
M.$trModule = GHC.Types.Module M.$trModule3 M.$trModule1

-- RHS size: {terms: 1, types: 0, coercions: 0, joins: 0/0}
twoTimesTwo :: Natural
[GblId,
 Caf=NoCafRefs,
 Unf=Unf{Src=<vanilla>, TopLvl=True, Value=True, ConLike=True,
         WorkFree=True, Expandable=True, Guidance=IF_ARGS [] 0 0}]
twoTimesTwo = 4

-- RHS size: {terms: 1, types: 0, coercions: 0, joins: 0/0}
M.one1 :: Natural
[GblId,
 Caf=NoCafRefs,
 Unf=Unf{Src=<vanilla>, TopLvl=True, Value=True, ConLike=True,
         WorkFree=True, Expandable=True, Guidance=IF_ARGS [] 0 0}]
M.one1 = 1

-- RHS size: {terms: 4, types: 1, coercions: 0, joins: 0/0}
plusOne :: Natural -> Natural
[GblId,
 Arity=1,
 Caf=NoCafRefs,
 Str=<S,U>,
 Unf=Unf{Src=InlineStable, TopLvl=True, Value=True, ConLike=True,
         WorkFree=True, Expandable=True,
         Guidance=ALWAYS_IF(arity=1,unsat_ok=True,boring_ok=False)
         Tmpl= \ (n [Occ=Once] :: Natural) ->
                 GHC.Natural.plusNatural n M.one1}]
plusOne = \ (n :: Natural) -> GHC.Natural.plusNatural n M.one1

-- RHS size: {terms: 1, types: 0, coercions: 0, joins: 0/0}
one :: Natural
[GblId,
 Unf=Unf{Src=<vanilla>, TopLvl=True, Value=True, ConLike=True,
         WorkFree=True, Expandable=True,
         Guidance=ALWAYS_IF(arity=0,unsat_ok=True,boring_ok=True)}]
one = M.one1



