make[2]: warning: jobserver unavailable: using -j1.  Add '+' to parent make rule.
