parsePlugin()
interfacePlugin: Prelude
interfacePlugin: GHC.Float
interfacePlugin: GHC.Base
interfacePlugin: GHC.Types
typeCheckPlugin (rn)
typeCheckPlugin (tc)
interfacePlugin: GHC.Integer.Type
interfacePlugin: GHC.Natural
